2026-07-11 13:16:29 | INFO     | [SYSTEM] ======================================================================
2026-07-11 13:16:29 | INFO     | [SYSTEM] Sally AI Bot
2026-07-11 13:16:29 | INFO     | [SYSTEM] Version: 0.0.1
2026-07-11 13:16:29 | INFO     | [SYSTEM] Python: 3.13.14
2026-07-11 13:16:29 | INFO     | [SYSTEM] Platform: Windows 11
2026-07-11 13:16:29 | INFO     | [SYSTEM] Started: 2026-07-11 13:16:29
2026-07-11 13:16:29 | INFO     | [SYSTEM] ======================================================================
2026-07-11 13:16:29 | INFO     | [APP] Starting Sally AI...
2026-07-11 13:16:29 | INFO     | [UI] Creating Qt application.
2026-07-11 13:16:29 | INFO     | [UI] Creating main window.
2026-07-11 13:16:30 | INFO     | [UI] Main window displayed.
2026-07-11 13:16:30 | INFO     | [UI] Qt event loop started.
2026-07-11 13:16:52 | INFO     | [UI] Qt event loop ended with exit code 0.
2026-07-11 13:24:28.639 | INFO     | [SYSTEM ] ======================================================================
2026-07-11 13:24:28.639 | INFO     | [SYSTEM ] Sally AI Bot
2026-07-11 13:24:28.639 | INFO     | [SYSTEM ] Version: 0.0.1
2026-07-11 13:24:28.640 | INFO     | [SYSTEM ] Python: 3.13.14
2026-07-11 13:24:28.680 | INFO     | [SYSTEM ] Platform: Windows 11
2026-07-11 13:24:28.680 | INFO     | [SYSTEM ] Started: 2026-07-11 13:24:28
2026-07-11 13:24:28.680 | INFO     | [SYSTEM ] ======================================================================
2026-07-11 13:24:28.680 | INFO     | [APP    ] Starting Sally AI...
2026-07-11 13:24:28.680 | INFO     | [UI     ] Creating Qt application.
2026-07-11 13:24:28.702 | INFO     | [UI     ] Creating main window.
2026-07-11 13:24:28.860 | INFO     | [UI     ] Main window displayed.
2026-07-11 13:24:28.861 | INFO     | [UI     ] Qt event loop started.
2026-07-11 13:24:46.954 | INFO     | [UI     ] Qt event loop ended with exit code 0.
2026-07-11 13:31:17.856 | INFO     | [ SYSTEM ] ======================================================================
2026-07-11 13:31:17.856 | INFO     | [ SYSTEM ] Sally AI Bot
2026-07-11 13:31:17.856 | INFO     | [ SYSTEM ] Version: 0.0.1
2026-07-11 13:31:17.857 | INFO     | [ SYSTEM ] Python: 3.13.14
2026-07-11 13:31:17.896 | INFO     | [ SYSTEM ] Platform: Windows 11
2026-07-11 13:31:17.896 | INFO     | [ SYSTEM ] Started: 2026-07-11 13:31:17
2026-07-11 13:31:17.896 | INFO     | [ SYSTEM ] ======================================================================
2026-07-11 13:31:17.896 | INFO     | [  APP   ] Starting Sally AI...
2026-07-11 13:31:17.896 | INFO     | [   UI   ] Creating Qt application.
2026-07-11 13:31:17.916 | INFO     | [   UI   ] Creating main window.
2026-07-11 13:31:18.067 | INFO     | [   UI   ] Main window displayed.
2026-07-11 13:31:18.067 | INFO     | [   UI   ] Qt event loop started.
2026-07-11 13:33:43.689 | INFO     | [   UI   ] Qt event loop ended with exit code 0.
2026-07-11 13:34:38.242 | [   INFO  ] | [ SYSTEM ] ======================================================================
2026-07-11 13:34:38.242 | [   INFO  ] | [ SYSTEM ] Sally AI Bot
2026-07-11 13:34:38.242 | [   INFO  ] | [ SYSTEM ] Version: 0.0.1
2026-07-11 13:34:38.243 | [   INFO  ] | [ SYSTEM ] Python: 3.13.14
2026-07-11 13:34:38.277 | [   INFO  ] | [ SYSTEM ] Platform: Windows 11
2026-07-11 13:34:38.277 | [   INFO  ] | [ SYSTEM ] Started: 2026-07-11 13:34:38
2026-07-11 13:34:38.278 | [   INFO  ] | [ SYSTEM ] ======================================================================
2026-07-11 13:34:38.278 | [   INFO  ] | [  APP   ] Starting Sally AI...
2026-07-11 13:34:38.278 | [   INFO  ] | [   UI   ] Creating Qt application.
2026-07-11 13:34:38.295 | [   INFO  ] | [   UI   ] Creating main window.
2026-07-11 13:34:38.465 | [   INFO  ] | [   UI   ] Main window displayed.
2026-07-11 13:34:38.465 | [   INFO  ] | [   UI   ] Qt event loop started.
2026-07-11 13:36:08.001 | [   INFO  ] | [   UI   ] Qt event loop ended with exit code 0.
2026-07-11 13:43:31.672 | [   INFO  ] | [ SYSTEM ] ======================================================================
2026-07-11 13:43:31.672 | [   INFO  ] | [ SYSTEM ] Sally AI Bot
2026-07-11 13:43:31.672 | [   INFO  ] | [ SYSTEM ] Version: 0.0.1
2026-07-11 13:43:31.672 | [   INFO  ] | [ SYSTEM ] Python: 3.13.14
2026-07-11 13:43:31.714 | [   INFO  ] | [ SYSTEM ] Platform: Windows 11
2026-07-11 13:43:31.714 | [   INFO  ] | [ SYSTEM ] Started: 2026-07-11 13:43:31
2026-07-11 13:43:31.714 | [   INFO  ] | [ SYSTEM ] ======================================================================
2026-07-11 13:43:31.714 | [   INFO  ] | [  APP   ] Starting Sally AI...
2026-07-11 13:43:31.714 | [   INFO  ] | [   UI   ] Creating Qt application.
2026-07-11 13:43:31.730 | [   INFO  ] | [   UI   ] Creating main window.
2026-07-11 13:43:31.886 | [   INFO  ] | [   UI   ] Main window displayed.
2026-07-11 13:43:31.887 | [   INFO  ] | [   UI   ] Qt event loop started.
2026-07-11 13:43:39.836 | [   INFO  ] | [   UI   ] Qt event loop ended with exit code 0.
